O0000
(Alaeeddine ZERROUQ)
N1 G20 G40 G49 G50 G64 G69
N2 G80 G90 M79 M69
N3 G91 G28 G00 Z0.
N4 X0. Y0.
N5 T0
N6 T0 M6
N7 T13
N8 T13 M6
N9 T0
(CE FICHIER EST UTILE POUR VERIFIER LES MOTS DE PP)
(MODIFIER LE QUESTIONNAIRE POUR OBTENiR LE CODE G DU PROFESSEUR)
(ECRIRE UNE MACRO SI CELLE-CI EST REQUISE, TEL QUE SPECIFIE EN ME)
N10 M68 M78
N11 S12000 M3
N12 G90 G54 G00 X-2.5188 Y-1.55 M8
N13 G43 Z1.2 H13
N14 M10
(***********************************************************)
(MACRO REQUISE POUR PREFUN)
(***********************************************************)
(le code G10 ne devrait pas sortir; PREFUN NON PERMIS)
(***********************************************************)
(MACRO REQUISE POUR INSERT)
(***********************************************************)
(INSERT NON PERMIS)
N15 G94 G41 G01 X0. Y-3.3315 Z1.0118 D13 F30. M50
N16 M1
N17 G40 G01 Y-3.6083
N18 G17
N19 G03 X0. Y-2.4547 J.5768 R.5768
N20 X0. Y-3.6083 J-.5768 R.5768
G01 Z2.3406
G00 X4.5 Y-3.
Z.45
X-2.5188 Y-1.55
(********************************************************)
(BESOIN DE MACRO AVANT CYCLE POUR REGLER LE PARAMETRE "Z")
(********************************************************)
N21 G99 G83 X-1.4142 Y1.4142 Z-3.45 R.3 Q.1 F75.
N22 X1.4142
N23 Y-1.4142
N24 X-1.4142
N25 G80
N26 G00 Z.5
N27 X-1.4142 Y-1.4142
(***********************************************************)
(          MOUVEMENT DE RETRAIT D'OUTIL EN RAPID)
(***********************************************************)
N28 Z15. M9 M5
N29 X-1.5 Y-1.4
(***********************************************************)
(          MOUVEMENT D'APPROCHE D'OUTIL EN RAPID)
(***********************************************************)
N30 X-1. Y-.5
N31 Z10.
N32 G01 X-.9251 Y-.8097 F90.
N33 X-.8605 Y-.8695 Z12.
N34 X-.7489 Y-1.0053 Z10.
N35 X0. Y-3.6083 Z1.0118
N36 G03 X0. Y-2.4547 J.5768 R.5768
N37 X0. Y-3.6083 J-.5768 R.5768
N38 M0
(***********************************************************)
(Macro GOPARK)
(***********************************************************)
N39 G91 G28 G00 Z0.
N40 X0. Y-3.6083
(OPERATEUR : SVP verifiez l usure d outil)
N41 M1
N42 G00 X-1. Y-.5
N43 G43 Z15. H13
N44 X-1.4142 Y1.4142
N45 Z.5
(**************************************************************)
(MACRO BREAK)
(**************************************************************)
#N46 G91 G28 G00 Z0.
#N47 X0. Y0.
#N48 T13 M6
#N49 T0
#N50 G90 G54 G00 X-2. Y2.
#N51 G43 Z.125 H13
N52 G01 X-1.4142 Y1.4142 F90.
N53 X1.4142
N54 Y-1.4142
N55 X-1.4142
N56 G91 G28 G00 Z0. M5
N57 X0. Y0.
N58 T0 M6
N59 M30
(fin de programme)
